2022-12-10 15:50:27.353  INFO 2032 --- [main] io.ukoko.bhwms.BhWmsApplication          : Starting BhWmsApplication using Java 1.8.0_171 on MS-YOITDOJPOURA with PID 2032 (C:\Users\Administrator\IdeaProjects\bh-wms\target\classes started by Administrator in C:\Users\Administrator\IdeaProjects\bh-wms)
2022-12-10 15:50:27.357  INFO 2032 --- [main] io.ukoko.bhwms.BhWmsApplication          : No active profile set, falling back to 1 default profile: "default"
2022-12-10 15:50:28.776  INFO 2032 --- [main] trationDelegate$BeanPostProcessorChecker : Bean 'shiroConfig' of type [io.ukoko.bhwms.config.ShiroConfig$$EnhancerBySpringCGLIB$$6e37b575] is not eligible for getting processed by all BeanPostProcessors (for example: not eligible for auto-proxying)
2022-12-10 15:50:28.827  INFO 2032 --- [main] trationDelegate$BeanPostProcessorChecker : Bean 'createHashedCredentialsMatcher' of type [org.apache.shiro.authc.credential.HashedCredentialsMatcher] is not eligible for getting processed by all BeanPostProcessors (for example: not eligible for auto-proxying)
2022-12-10 15:50:28.931  INFO 2032 --- [main] trationDelegate$BeanPostProcessorChecker : Bean 'mybatis-org.mybatis.spring.boot.autoconfigure.MybatisProperties' of type [org.mybatis.spring.boot.autoconfigure.MybatisProperties] is not eligible for getting processed by all BeanPostProcessors (for example: not eligible for auto-proxying)
2022-12-10 15:50:28.936  INFO 2032 --- [main] trationDelegate$BeanPostProcessorChecker : Bean 'org.mybatis.spring.boot.autoconfigure.MybatisAutoConfiguration' of type [org.mybatis.spring.boot.autoconfigure.MybatisAutoConfiguration$$EnhancerBySpringCGLIB$$428783c9] is not eligible for getting processed by all BeanPostProcessors (for example: not eligible for auto-proxying)
2022-12-10 15:50:28.939  INFO 2032 --- [main] trationDelegate$BeanPostProcessorChecker : Bean 'org.springframework.boot.autoconfigure.jdbc.DataSourceConfiguration$Hikari' of type [org.springframework.boot.autoconfigure.jdbc.DataSourceConfiguration$Hikari] is not eligible for getting processed by all BeanPostProcessors (for example: not eligible for auto-proxying)
2022-12-10 15:50:28.949  INFO 2032 --- [main] trationDelegate$BeanPostProcessorChecker : Bean 'spring.datasource-org.springframework.boot.autoconfigure.jdbc.DataSourceProperties' of type [org.springframework.boot.autoconfigure.jdbc.DataSourceProperties] is not eligible for getting processed by all BeanPostProcessors (for example: not eligible for auto-proxying)
2022-12-10 15:50:28.963  INFO 2032 --- [main] trationDelegate$BeanPostProcessorChecker : Bean 'dataSource' of type [com.zaxxer.hikari.HikariDataSource] is not eligible for getting processed by all BeanPostProcessors (for example: not eligible for auto-proxying)
2022-12-10 15:50:29.301  INFO 2032 --- [main] trationDelegate$BeanPostProcessorChecker : Bean 'sqlSessionFactory' of type [org.apache.ibatis.session.defaults.DefaultSqlSessionFactory] is not eligible for getting processed by all BeanPostProcessors (for example: not eligible for auto-proxying)
2022-12-10 15:50:29.306  INFO 2032 --- [main] trationDelegate$BeanPostProcessorChecker : Bean 'sqlSessionTemplate' of type [org.mybatis.spring.SqlSessionTemplate] is not eligible for getting processed by all BeanPostProcessors (for example: not eligible for auto-proxying)
2022-12-10 15:50:29.306  INFO 2032 --- [main] trationDelegate$BeanPostProcessorChecker : Bean 'userMapper' of type [org.mybatis.spring.mapper.MapperFactoryBean] is not eligible for getting processed by all BeanPostProcessors (for example: not eligible for auto-proxying)
2022-12-10 15:50:29.308  INFO 2032 --- [main] trationDelegate$BeanPostProcessorChecker : Bean 'userMapper' of type [com.sun.proxy.$Proxy71] is not eligible for getting processed by all BeanPostProcessors (for example: not eligible for auto-proxying)
2022-12-10 15:50:29.308  INFO 2032 --- [main] trationDelegate$BeanPostProcessorChecker : Bean 'createShiroRealm' of type [io.ukoko.bhwms.shiro.ShiroRealm] is not eligible for getting processed by all BeanPostProcessors (for example: not eligible for auto-proxying)
2022-12-10 15:50:29.863  INFO 2032 --- [main] trationDelegate$BeanPostProcessorChecker : Bean 'createSecurityManager' of type [org.apache.shiro.web.mgt.DefaultWebSecurityManager] is not eligible for getting processed by all BeanPostProcessors (for example: not eligible for auto-proxying)
2022-12-10 15:50:29.877  INFO 2032 --- [main] trationDelegate$BeanPostProcessorChecker : Bean 'createAuthorizationAttributeSourceAdvisor' of type [org.apache.shiro.spring.security.interceptor.AuthorizationAttributeSourceAdvisor] is not eligible for getting processed by all BeanPostProcessors (for example: not eligible for auto-proxying)
2022-12-10 15:50:30.347  INFO 2032 --- [main] o.s.b.w.embedded.tomcat.TomcatWebServer  : Tomcat initialized with port(s): 8080 (http)
2022-12-10 15:50:30.357  INFO 2032 --- [main] o.apache.catalina.core.StandardService   : Starting service [Tomcat]
2022-12-10 15:50:30.357  INFO 2032 --- [main] org.apache.catalina.core.StandardEngine  : Starting Servlet engine: [Apache Tomcat/9.0.65]
2022-12-10 15:50:30.475  INFO 2032 --- [main] o.a.c.c.C.[Tomcat].[localhost].[/]       : Initializing Spring embedded WebApplicationContext
2022-12-10 15:50:30.476  INFO 2032 --- [main] w.s.c.ServletWebServerApplicationContext : Root WebApplicationContext: initialization completed in 3067 ms
2022-12-10 15:50:32.078  INFO 2032 --- [main] o.s.b.w.embedded.tomcat.TomcatWebServer  : Tomcat started on port(s): 8080 (http) with context path ''
2022-12-10 15:50:32.540  INFO 2032 --- [main] io.ukoko.bhwms.BhWmsApplication          : Started BhWmsApplication in 5.781 seconds (JVM running for 7.006)
